Input:  	65, 7, 39, 93, 81, 25, 33, 8, 2, 96, 94, 49, 0, 44, 37
Output: 	11, 3, 8, 13, 12, 5, 6, 4, 2, 15, 14, 10, 1, 9, 7
